
> service-booking@0.1.0 build
> next build

Γû▓ Next.js 16.1.6 (Turbopack)

  Creating an optimized production build ...
Γ£ô Compiled successfully in 1799.2ms
  Running TypeScript ...
node.exe : Failed to compile.
At line:1 char:1
+ & "C:\Program 
Files\nodejs/node.exe" 
"C:\Program Files\nodejs/node_mo 
...
+ ~~~~~~~~~~~~~~~~~~~~~~~~~~~~~~~
~~~~~~~~~~~~~~~~~~~~~~~~~~~~~~~~~
~~~~~
    + CategoryInfo          : No 
   tSpecified: (Failed to compi  
  le.:String) [], RemoteExcept   
 ion
    + FullyQualifiedErrorId : Na 
   tiveCommandError
 

.next/dev/types/validator.ts:51:3
9
Type error: File 'C:/Users/ashwi/
Documents/demo/service-booking/ap
p/page.tsx' is not a module.

[0m [90m 49 |[39m {
 [90m 50 |[39m   type __IsExpec
ted[33m<[39m[33mSpecific[39m 
[36mextends[39m [33mAppPageCon
fig[39m[33m<[39m[32m"/"[39m
[33m>>[39m [33m=[39m 
[33mSpecific[39m
[31m[1m>[22m[39m[90m 51 
|[39m   [36mconst[39m handler 
[33m=[39m {} [36mas[39m 
[36mtypeof[39m [36mimport[39m
([32m"../../../app/page.js"[39m
)
 [90m    |[39m                 
                      
[31m[1m^[22m[39m
 [90m 52 |[39m   type __Check 
[33m=[39m __IsExpected[33m<[3
9m[36mtypeof[39m 
handler[33m>[39m
 [90m 53 |[39m   [90m// 
@ts-ignore[39m
 [90m 54 |[39m   type __Unused 
[33m=[39m __Check[0m
Next.js build worker exited with 
code: 1 and signal: null
